[2026-07-23 11:16:49] [INFO] GET / -> 200 (35.1ms)
[2026-07-23 11:16:49] [INFO] GET / -> 200 (0.6ms)
[2026-07-23 11:16:49] [INFO] GET /style.css -> 200 (1.4ms)
[2026-07-23 11:16:49] [INFO] GET /three.min.js -> 200 (1.9ms)
[2026-07-23 11:16:49] [INFO] GET /app.js -> 200 (2.0ms)
[2026-07-23 11:16:56] [INFO] Starting stem separation task for file: Queen_-_Bohemian_Rhapsody_Lyrics.wav (Session: session_sbb8h1o4i_1784785615892)
[2026-07-23 11:16:57] [INFO] Demucs CPU acceleration initialized with 10 threads (2 cores reserved for UI).
[2026-07-23 11:17:09] [INFO] GET / -> 200 (2.1ms)
[2026-07-23 11:17:09] [INFO] GET /style.css -> 200 (1.0ms)
[2026-07-23 11:17:09] [INFO] GET /three.min.js -> 200 (2.8ms)
[2026-07-23 11:17:09] [INFO] GET /app.js -> 200 (4.1ms)
[2026-07-23 11:19:02] [INFO] Saved stem audio file: vocals.wav (59.62 MB)
[2026-07-23 11:19:02] [INFO] Saved stem audio file: drums.wav (59.62 MB)
[2026-07-23 11:19:03] [INFO] Saved stem audio file: bass.wav (59.62 MB)
[2026-07-23 11:19:03] [INFO] Saved stem audio file: other.wav (59.62 MB)
[2026-07-23 11:19:03] [INFO] Separation task finished successfully for session: session_sbb8h1o4i_1784785615892
[2026-07-23 11:19:03] [INFO] POST /api/separate -> 200 (127275.7ms)
[2026-07-23 11:19:05] [INFO] GET / -> 200 (0.6ms)
[2026-07-23 11:19:05] [INFO] GET /style.css -> 200 (2.2ms)
[2026-07-23 11:19:05] [INFO] GET /three.min.js -> 200 (2.4ms)
[2026-07-23 11:19:05] [INFO] GET /app.js -> 200 (2.5ms)
[2026-07-23 11:21:07] [INFO] GET / -> 200 (38.7ms)
[2026-07-23 11:21:07] [INFO] GET / -> 200 (0.7ms)
[2026-07-23 11:21:07] [INFO] GET /style.css -> 200 (1.5ms)
[2026-07-23 11:21:07] [INFO] GET /three.min.js -> 200 (3.5ms)
[2026-07-23 11:21:07] [INFO] GET /app.js -> 200 (2.9ms)
[2026-07-23 11:21:11] [INFO] GET / -> 200 (31.7ms)
[2026-07-23 11:21:11] [INFO] GET / -> 200 (0.9ms)
[2026-07-23 11:21:11] [INFO] GET /style.css -> 200 (1.2ms)
[2026-07-23 11:21:11] [INFO] GET /three.min.js -> 200 (2.4ms)
[2026-07-23 11:21:11] [INFO] GET /app.js -> 200 (3.0ms)
[2026-07-23 11:21:14] [INFO] Starting stem separation task for file: Queen_-_Bohemian_Rhapsody_Lyrics.wav (Session: session_ooewpaw8i_1784785873904)
[2026-07-23 11:21:16] [INFO] Demucs CPU acceleration initialized with 10 threads (2 cores reserved for UI).
[2026-07-23 11:23:44] [INFO] Saved stem audio file: vocals.wav (59.62 MB)
[2026-07-23 11:23:45] [INFO] Saved stem audio file: drums.wav (59.62 MB)
[2026-07-23 11:23:45] [INFO] Saved stem audio file: bass.wav (59.62 MB)
[2026-07-23 11:23:45] [INFO] Saved stem audio file: other.wav (59.62 MB)
[2026-07-23 11:23:45] [INFO] Separation task finished successfully for session: session_ooewpaw8i_1784785873904
[2026-07-23 11:23:45] [INFO] POST /api/separate -> 200 (151831.7ms)
